Change Component Description : Designator=J1 Old Description=Header Friction Lock MTA-100 7 250 VAC Polyester Tin Copper Alloy Tin New Description=Header Friction Lock MTA-100 7 250 VAC Polyester Tin Copper Alloy Tin | TE Connectivity 640456-7
Added Component: Designator=DS1307(TE_1734598-4)
Add component (AddParameter): Name = "Digi-Key_Part_Number"; Value = "A99916-ND"; VariantName = "[No Variations]"
Add component (AddParameter): Name = "Digi-Key_Purchase_URL"; Value = "https://www.digikey.com/product-detail/en/te-connectivity-amp-connectors/1734598-4/A99916-ND/2074075?utm_source=snapeda&utm_medium=aggregator&utm_campaign=symbol"; VariantName = "[No Variations]"
Add component (AddParameter): Name = "EU_RoHS_Compliance"; Value = "Compliant"; VariantName = "[No Variations]"
Add component (AddParameter): Name = "MF"; Value = "TE Connectivity"; VariantName = "[No Variations]"
Add component (AddParameter): Name = "MP"; Value = "1734598-4"; VariantName = "[No Variations]"
Add component (AddParameter): Name = "Package"; Value = "None"; VariantName = "[No Variations]"
Add component (AddParameter): Name = "SnapEDA_Link"; Value = "https://www.snapeda.com/parts/1734598-4/TE%20Connectivity%20AMP%20Connectors/view-part/2374854/?ref=snap"; VariantName = "[No Variations]"
Add component (AddParameter): Name = "TE_purchase_URL"; Value = "https://www.te.com/usa-en/product-1734598-4.html?te_bu=Cor&te_type=disp&te_campaign=seda_glo_cor-seda-global-disp-prtnr-fy19-seda-model-bom-cta_sma-317_1&elqCampaignId=32493"; VariantName = "[No Variations]"
Add component (AddParameter): Name = "Value"; Value = ""; VariantName = "[No Variations]"
Added Pin To Net: NetName=NetJ1_1 Pin=DS1307-1
Added Pin To Net: NetName=NetJ1_1 Pin=DS1307-2
Change Net Name : Old Net Name=NetJ1_1 New Net Name=NetDS1307_1
Added Pin To Net: NetName=SCL Pin=DS1307-3
Added Net: Name=SCL
Added Pin To Net: NetName=SDA Pin=DS1307-4
Added Net: Name=SDA
Added Member To Class: ClassName=esp32_master Member=Component DS1307 1734598-4
Added Room: Name=esp32_master
